=== viscous  nu=0.02 (N=4, profile=P3) ===
    T          sup     first_pk      fixed_T         mean     max_rate
-----------------------------------------------------------------------
    2     10.09901     10.09901      8.96634      5.47767     15.69742
    4     10.09901     10.09901      8.96634      3.56560     15.69742
    8     10.09901     10.09901      8.96634      1.91269     15.69742
   16     10.09901     10.09901      8.96634      0.97259     15.69742
   32     10.09901     10.09901      8.96634      0.48820     15.69742
   64     10.09901     10.09901      8.96634      0.24415     15.69742

=== dispersive D=0.02 (N=4, profile=P3) ===
    T          sup     first_pk      fixed_T         mean     max_rate
-----------------------------------------------------------------------
    2     49.79593     39.10926     30.70182     22.18031    107.06037
    4     72.11704     39.10926     30.70182     31.14491    286.69957
    8     72.11704     39.10926     30.70182     29.90725    290.32013
   16     82.90247     39.10926     30.70182     34.36373    373.42832
   32     95.89689     39.10926     30.70182     36.39058    451.60314
   64    105.82357     39.10926     30.70182     37.44464    538.82372

========================================================================
CONVERGENCE VERDICT (relative change between T=32 and T=64, tol 2%)
========================================================================
  observable        viscous     dispersive   verdict
--------------------------------------------------------------
         sup         0.00%        10.35%   FAILS
    first_pk         0.00%         0.00%   CONVERGES for both
     fixed_T         0.00%         0.00%   CONVERGES for both
        mean        49.99%         2.90%   FAILS
    max_rate         0.00%        19.31%   FAILS

An observable qualifies only if it converges for BOTH regulators.
Exploratory: one N, one profile, one coefficient value.
