N = 26
/home/xavkal/xdev/SocrateAI-Scientific-QuantumFluids/exploration/pgpe/vortex_thermometer.py:23: RuntimeWarning: divide by zero encountered in log
  s += np.log((np.cosh(x - TWO_PI * m) - np.cos(y)) / np.cosh(TWO_PI * m))
  beta=-0.600  <E>=   2.680  Var=146.704  (203.0s)
  beta=-0.300  <E>=   3.455  Var=140.661  (212.9s)
  beta=+0.000  <E>=   3.160  Var=159.171  (231.7s)
  beta=+0.300  <E>= -17.427  Var= 37.752  (267.7s)
  beta=+0.600  <E>= -25.889  Var= 20.052  (328.5s)
  beta=+1.000  <E>= -33.565  Var= 21.927  (298.6s)
  beta=+1.500  <E>= -45.028  Var= 17.513  (261.4s)
  beta=+2.000  <E>= -51.335  Var=  9.209  (328.9s)
  beta=+3.000  <E>= -56.760  Var=  2.371  (234.9s)
  closure: set 1.2 read 1.199 -> PASS
N = 28
  beta=-0.600  <E>=   4.535  Var=184.014  (252.7s)
  beta=-0.300  <E>=   4.509  Var=252.122  (293.3s)
  beta=+0.000  <E>=   4.111  Var=189.774  (341.2s)
  beta=+0.300  <E>= -19.007  Var= 40.150  (313.5s)
  beta=+0.600  <E>= -28.546  Var= 25.615  (344.4s)
  beta=+1.000  <E>= -36.758  Var= 18.747  (334.2s)
  beta=+1.500  <E>= -47.704  Var= 18.552  (258.4s)
  beta=+2.000  <E>= -55.534  Var= 16.995  (240.3s)
  beta=+3.000  <E>= -61.709  Var=  3.925  (239.7s)
  closure: set 1.2 read 1.190 -> PASS
N = 32
  beta=-0.600  <E>=   3.469  Var=220.906  (247.2s)
  beta=-0.300  <E>=   5.337  Var=253.421  (244.9s)
  beta=+0.000  <E>=   5.950  Var=301.389  (218.9s)
  beta=+0.300  <E>= -24.651  Var= 44.720  (128.5s)
  beta=+0.600  <E>= -34.195  Var= 24.560  (81.8s)
  beta=+1.000  <E>= -43.806  Var= 21.566  (82.7s)
  beta=+1.500  <E>= -56.008  Var= 23.916  (84.3s)
  beta=+2.000  <E>= -65.291  Var= 12.044  (84.0s)
  beta=+3.000  <E>= -70.808  Var=  4.920  (84.9s)
  closure: set 1.2 read 1.178 -> PASS
N = 36
  beta=-0.600  <E>=   5.950  Var=306.096  (95.1s)
  beta=-0.300  <E>=   6.279  Var=363.088  (105.5s)
  beta=+0.000  <E>=   5.532  Var=398.448  (106.4s)
  beta=+0.300  <E>= -28.771  Var= 49.321  (110.1s)
  beta=+0.600  <E>= -40.274  Var= 29.772  (105.2s)
  beta=+1.000  <E>= -49.613  Var= 20.727  (95.5s)
  beta=+1.500  <E>= -61.204  Var= 22.543  (94.8s)
  beta=+2.000  <E>= -71.758  Var= 20.335  (117.7s)
  beta=+3.000  <E>= -79.626  Var=  3.930  (127.2s)
  closure: set 1.2 read 1.207 -> PASS
N = 40
  beta=-0.600  <E>=   7.236  Var=381.132  (154.7s)
  beta=-0.300  <E>=   7.669  Var=426.832  (118.6s)
  beta=+0.000  <E>=   7.266  Var=431.785  (207.4s)
  beta=+0.300  <E>= -33.281  Var= 55.325  (272.4s)
  beta=+0.600  <E>= -45.141  Var= 33.337  (259.9s)
  beta=+1.000  <E>= -56.572  Var= 22.491  (259.3s)
